<?xml version="1.0"?>
<link_info>
   <banner>MSP430 Linker PC v4.4.6</banner>
   <copyright>Copyright (c) 2003-2015 Texas Instruments Incorporated</copyright>
   <link_time>0x571a5261</link_time>
   <link_errors>0x0</link_errors>
   <output_file>emptyProject.out</output_file>
   <entry_point>
      <name>_c_int00_noargs_noexit</name>
      <address>0x44d0</address>
   </entry_point>
   <input_file_list>
      <input_file id="fl-2">
         <path>.\</path>
         <kind>object</kind>
         <file>ADS1198.obj</file>
         <name>ADS1198.obj</name>
      </input_file>
      <input_file id="fl-3">
         <path>.\</path>
         <kind>object</kind>
         <file>CSaAF.obj</file>
         <name>CSaAF.obj</name>
      </input_file>
      <input_file id="fl-4">
         <path>.\</path>
         <kind>object</kind>
         <file>Indicators.obj</file>
         <name>Indicators.obj</name>
      </input_file>
      <input_file id="fl-5">
         <path>.\</path>
         <kind>object</kind>
         <file>PSA.obj</file>
         <name>PSA.obj</name>
      </input_file>
      <input_file id="fl-6">
         <path>.\</path>
         <kind>object</kind>
         <file>main.obj</file>
         <name>main.obj</name>
      </input_file>
      <input_file id="fl-7">
         <path>.\driverlib\MSP430F5xx_6xx\</path>
         <kind>object</kind>
         <file>adc10_a.obj</file>
         <name>adc10_a.obj</name>
      </input_file>
      <input_file id="fl-8">
         <path>.\driverlib\MSP430F5xx_6xx\</path>
         <kind>object</kind>
         <file>adc12_a.obj</file>
         <name>adc12_a.obj</name>
      </input_file>
      <input_file id="fl-9">
         <path>.\driverlib\MSP430F5xx_6xx\</path>
         <kind>object</kind>
         <file>aes.obj</file>
         <name>aes.obj</name>
      </input_file>
      <input_file id="fl-a">
         <path>.\driverlib\MSP430F5xx_6xx\</path>
         <kind>object</kind>
         <file>battbak.obj</file>
         <name>battbak.obj</name>
      </input_file>
      <input_file id="fl-b">
         <path>.\driverlib\MSP430F5xx_6xx\</path>
         <kind>object</kind>
         <file>comp_b.obj</file>
         <name>comp_b.obj</name>
      </input_file>
      <input_file id="fl-c">
         <path>.\driverlib\MSP430F5xx_6xx\</path>
         <kind>object</kind>
         <file>crc.obj</file>
         <name>crc.obj</name>
      </input_file>
      <input_file id="fl-d">
         <path>.\driverlib\MSP430F5xx_6xx\</path>
         <kind>object</kind>
         <file>ctsd16.obj</file>
         <name>ctsd16.obj</name>
      </input_file>
      <input_file id="fl-e">
         <path>.\driverlib\MSP430F5xx_6xx\</path>
         <kind>object</kind>
         <file>dac12_a.obj</file>
         <name>dac12_a.obj</name>
      </input_file>
      <input_file id="fl-f">
         <path>.\driverlib\MSP430F5xx_6xx\</path>
         <kind>object</kind>
         <file>dma.obj</file>
         <name>dma.obj</name>
      </input_file>
      <input_file id="fl-10">
         <path>.\driverlib\MSP430F5xx_6xx\</path>
         <kind>object</kind>
         <file>eusci_a_spi.obj</file>
         <name>eusci_a_spi.obj</name>
      </input_file>
      <input_file id="fl-11">
         <path>.\driverlib\MSP430F5xx_6xx\</path>
         <kind>object</kind>
         <file>eusci_a_uart.obj</file>
         <name>eusci_a_uart.obj</name>
      </input_file>
      <input_file id="fl-12">
         <path>.\driverlib\MSP430F5xx_6xx\</path>
         <kind>object</kind>
         <file>eusci_b_i2c.obj</file>
         <name>eusci_b_i2c.obj</name>
      </input_file>
      <input_file id="fl-13">
         <path>.\driverlib\MSP430F5xx_6xx\</path>
         <kind>object</kind>
         <file>eusci_b_spi.obj</file>
         <name>eusci_b_spi.obj</name>
      </input_file>
      <input_file id="fl-14">
         <path>.\driverlib\MSP430F5xx_6xx\</path>
         <kind>object</kind>
         <file>flashctl.obj</file>
         <name>flashctl.obj</name>
      </input_file>
      <input_file id="fl-15">
         <path>.\driverlib\MSP430F5xx_6xx\</path>
         <kind>object</kind>
         <file>gpio.obj</file>
         <name>gpio.obj</name>
      </input_file>
      <input_file id="fl-16">
         <path>.\driverlib\MSP430F5xx_6xx\</path>
         <kind>object</kind>
         <file>lcd_b.obj</file>
         <name>lcd_b.obj</name>
      </input_file>
      <input_file id="fl-17">
         <path>.\driverlib\MSP430F5xx_6xx\</path>
         <kind>object</kind>
         <file>ldopwr.obj</file>
         <name>ldopwr.obj</name>
      </input_file>
      <input_file id="fl-18">
         <path>.\driverlib\MSP430F5xx_6xx\</path>
         <kind>object</kind>
         <file>mpy32.obj</file>
         <name>mpy32.obj</name>
      </input_file>
      <input_file id="fl-19">
         <path>.\driverlib\MSP430F5xx_6xx\</path>
         <kind>object</kind>
         <file>oa.obj</file>
         <name>oa.obj</name>
      </input_file>
      <input_file id="fl-1a">
         <path>.\driverlib\MSP430F5xx_6xx\</path>
         <kind>object</kind>
         <file>pmap.obj</file>
         <name>pmap.obj</name>
      </input_file>
      <input_file id="fl-1b">
         <path>.\driverlib\MSP430F5xx_6xx\</path>
         <kind>object</kind>
         <file>pmm.obj</file>
         <name>pmm.obj</name>
      </input_file>
      <input_file id="fl-1c">
         <path>.\driverlib\MSP430F5xx_6xx\</path>
         <kind>object</kind>
         <file>ram.obj</file>
         <name>ram.obj</name>
      </input_file>
      <input_file id="fl-1d">
         <path>.\driverlib\MSP430F5xx_6xx\</path>
         <kind>object</kind>
         <file>ref.obj</file>
         <name>ref.obj</name>
      </input_file>
      <input_file id="fl-1e">
         <path>.\driverlib\MSP430F5xx_6xx\</path>
         <kind>object</kind>
         <file>rtc_a.obj</file>
         <name>rtc_a.obj</name>
      </input_file>
      <input_file id="fl-1f">
         <path>.\driverlib\MSP430F5xx_6xx\</path>
         <kind>object</kind>
         <file>rtc_b.obj</file>
         <name>rtc_b.obj</name>
      </input_file>
      <input_file id="fl-20">
         <path>.\driverlib\MSP430F5xx_6xx\</path>
         <kind>object</kind>
         <file>rtc_c.obj</file>
         <name>rtc_c.obj</name>
      </input_file>
      <input_file id="fl-21">
         <path>.\driverlib\MSP430F5xx_6xx\</path>
         <kind>object</kind>
         <file>sd24_b.obj</file>
         <name>sd24_b.obj</name>
      </input_file>
      <input_file id="fl-22">
         <path>.\driverlib\MSP430F5xx_6xx\</path>
         <kind>object</kind>
         <file>sfr.obj</file>
         <name>sfr.obj</name>
      </input_file>
      <input_file id="fl-23">
         <path>.\driverlib\MSP430F5xx_6xx\</path>
         <kind>object</kind>
         <file>sysctl.obj</file>
         <name>sysctl.obj</name>
      </input_file>
      <input_file id="fl-24">
         <path>.\driverlib\MSP430F5xx_6xx\</path>
         <kind>object</kind>
         <file>tec.obj</file>
         <name>tec.obj</name>
      </input_file>
      <input_file id="fl-25">
         <path>.\driverlib\MSP430F5xx_6xx\</path>
         <kind>object</kind>
         <file>timer_a.obj</file>
         <name>timer_a.obj</name>
      </input_file>
      <input_file id="fl-26">
         <path>.\driverlib\MSP430F5xx_6xx\</path>
         <kind>object</kind>
         <file>timer_b.obj</file>
         <name>timer_b.obj</name>
      </input_file>
      <input_file id="fl-27">
         <path>.\driverlib\MSP430F5xx_6xx\</path>
         <kind>object</kind>
         <file>timer_d.obj</file>
         <name>timer_d.obj</name>
      </input_file>
      <input_file id="fl-28">
         <path>.\driverlib\MSP430F5xx_6xx\</path>
         <kind>object</kind>
         <file>tlv.obj</file>
         <name>tlv.obj</name>
      </input_file>
      <input_file id="fl-29">
         <path>.\driverlib\MSP430F5xx_6xx\</path>
         <kind>object</kind>
         <file>ucs.obj</file>
         <name>ucs.obj</name>
      </input_file>
      <input_file id="fl-2a">
         <path>.\driverlib\MSP430F5xx_6xx\</path>
         <kind>object</kind>
         <file>usci_a_spi.obj</file>
         <name>usci_a_spi.obj</name>
      </input_file>
      <input_file id="fl-2b">
         <path>.\driverlib\MSP430F5xx_6xx\</path>
         <kind>object</kind>
         <file>usci_a_uart.obj</file>
         <name>usci_a_uart.obj</name>
      </input_file>
      <input_file id="fl-2c">
         <path>.\driverlib\MSP430F5xx_6xx\</path>
         <kind>object</kind>
         <file>usci_b_i2c.obj</file>
         <name>usci_b_i2c.obj</name>
      </input_file>
      <input_file id="fl-2d">
         <path>.\driverlib\MSP430F5xx_6xx\</path>
         <kind>object</kind>
         <file>usci_b_spi.obj</file>
         <name>usci_b_spi.obj</name>
      </input_file>
      <input_file id="fl-2e">
         <path>.\driverlib\MSP430F5xx_6xx\</path>
         <kind>object</kind>
         <file>wdt_a.obj</file>
         <name>wdt_a.obj</name>
      </input_file>
      <input_file id="fl-63">
         <path>C:\ti\ccsv6\tools\compiler\ti-cgt-msp430_4.4.6\lib\</path>
         <kind>archive</kind>
         <file>rts430x_lc_rd_eabi.lib</file>
         <name>boot.obj</name>
      </input_file>
      <input_file id="fl-64">
         <path>C:\ti\ccsv6\tools\compiler\ti-cgt-msp430_4.4.6\lib\</path>
         <kind>archive</kind>
         <file>rts430x_lc_rd_eabi.lib</file>
         <name>boot_special.obj</name>
      </input_file>
      <input_file id="fl-65">
         <path>C:\ti\ccsv6\tools\compiler\ti-cgt-msp430_4.4.6\lib\</path>
         <kind>archive</kind>
         <file>rts430x_lc_rd_eabi.lib</file>
         <name>copy_decompress_none.obj</name>
      </input_file>
      <input_file id="fl-66">
         <path>C:\ti\ccsv6\tools\compiler\ti-cgt-msp430_4.4.6\lib\</path>
         <kind>archive</kind>
         <file>rts430x_lc_rd_eabi.lib</file>
         <name>copy_decompress_rle.obj</name>
      </input_file>
      <input_file id="fl-67">
         <path>C:\ti\ccsv6\tools\compiler\ti-cgt-msp430_4.4.6\lib\</path>
         <kind>archive</kind>
         <file>rts430x_lc_rd_eabi.lib</file>
         <name>copy_zero_init.obj</name>
      </input_file>
      <input_file id="fl-68">
         <path>C:\ti\ccsv6\tools\compiler\ti-cgt-msp430_4.4.6\lib\</path>
         <kind>archive</kind>
         <file>rts430x_lc_rd_eabi.lib</file>
         <name>div16s.obj</name>
      </input_file>
      <input_file id="fl-69">
         <path>C:\ti\ccsv6\tools\compiler\ti-cgt-msp430_4.4.6\lib\</path>
         <kind>archive</kind>
         <file>rts430x_lc_rd_eabi.lib</file>
         <name>div16u.obj</name>
      </input_file>
      <input_file id="fl-6a">
         <path>C:\ti\ccsv6\tools\compiler\ti-cgt-msp430_4.4.6\lib\</path>
         <kind>archive</kind>
         <file>rts430x_lc_rd_eabi.lib</file>
         <name>div32s.obj</name>
      </input_file>
      <input_file id="fl-6b">
         <path>C:\ti\ccsv6\tools\compiler\ti-cgt-msp430_4.4.6\lib\</path>
         <kind>archive</kind>
         <file>rts430x_lc_rd_eabi.lib</file>
         <name>div32u.obj</name>
      </input_file>
      <input_file id="fl-6c">
         <path>C:\ti\ccsv6\tools\compiler\ti-cgt-msp430_4.4.6\lib\</path>
         <kind>archive</kind>
         <file>rts430x_lc_rd_eabi.lib</file>
         <name>divd.obj</name>
      </input_file>
      <input_file id="fl-6d">
         <path>C:\ti\ccsv6\tools\compiler\ti-cgt-msp430_4.4.6\lib\</path>
         <kind>archive</kind>
         <file>rts430x_lc_rd_eabi.lib</file>
         <name>exit.obj</name>
      </input_file>
      <input_file id="fl-6e">
         <path>C:\ti\ccsv6\tools\compiler\ti-cgt-msp430_4.4.6\lib\</path>
         <kind>archive</kind>
         <file>rts430x_lc_rd_eabi.lib</file>
         <name>exit_gvars.obj</name>
      </input_file>
      <input_file id="fl-6f">
         <path>C:\ti\ccsv6\tools\compiler\ti-cgt-msp430_4.4.6\lib\</path>
         <kind>archive</kind>
         <file>rts430x_lc_rd_eabi.lib</file>
         <name>fixdu.obj</name>
      </input_file>
      <input_file id="fl-70">
         <path>C:\ti\ccsv6\tools\compiler\ti-cgt-msp430_4.4.6\lib\</path>
         <kind>archive</kind>
         <file>rts430x_lc_rd_eabi.lib</file>
         <name>fixdul.obj</name>
      </input_file>
      <input_file id="fl-71">
         <path>C:\ti\ccsv6\tools\compiler\ti-cgt-msp430_4.4.6\lib\</path>
         <kind>archive</kind>
         <file>rts430x_lc_rd_eabi.lib</file>
         <name>fltuld.obj</name>
      </input_file>
      <input_file id="fl-72">
         <path>C:\ti\ccsv6\tools\compiler\ti-cgt-msp430_4.4.6\lib\</path>
         <kind>archive</kind>
         <file>rts430x_lc_rd_eabi.lib</file>
         <name>frcdivd.obj</name>
      </input_file>
      <input_file id="fl-73">
         <path>C:\ti\ccsv6\tools\compiler\ti-cgt-msp430_4.4.6\lib\</path>
         <kind>archive</kind>
         <file>rts430x_lc_rd_eabi.lib</file>
         <name>int41.obj</name>
      </input_file>
      <input_file id="fl-74">
         <path>C:\ti\ccsv6\tools\compiler\ti-cgt-msp430_4.4.6\lib\</path>
         <kind>archive</kind>
         <file>rts430x_lc_rd_eabi.lib</file>
         <name>int43.obj</name>
      </input_file>
      <input_file id="fl-75">
         <path>C:\ti\ccsv6\tools\compiler\ti-cgt-msp430_4.4.6\lib\</path>
         <kind>archive</kind>
         <file>rts430x_lc_rd_eabi.lib</file>
         <name>int44.obj</name>
      </input_file>
      <input_file id="fl-76">
         <path>C:\ti\ccsv6\tools\compiler\ti-cgt-msp430_4.4.6\lib\</path>
         <kind>archive</kind>
         <file>rts430x_lc_rd_eabi.lib</file>
         <name>int45.obj</name>
      </input_file>
      <input_file id="fl-77">
         <path>C:\ti\ccsv6\tools\compiler\ti-cgt-msp430_4.4.6\lib\</path>
         <kind>archive</kind>
         <file>rts430x_lc_rd_eabi.lib</file>
         <name>int46.obj</name>
      </input_file>
      <input_file id="fl-78">
         <path>C:\ti\ccsv6\tools\compiler\ti-cgt-msp430_4.4.6\lib\</path>
         <kind>archive</kind>
         <file>rts430x_lc_rd_eabi.lib</file>
         <name>int48.obj</name>
      </input_file>
      <input_file id="fl-79">
         <path>C:\ti\ccsv6\tools\compiler\ti-cgt-msp430_4.4.6\lib\</path>
         <kind>archive</kind>
         <file>rts430x_lc_rd_eabi.lib</file>
         <name>int50.obj</name>
      </input_file>
      <input_file id="fl-7a">
         <path>C:\ti\ccsv6\tools\compiler\ti-cgt-msp430_4.4.6\lib\</path>
         <kind>archive</kind>
         <file>rts430x_lc_rd_eabi.lib</file>
         <name>int51.obj</name>
      </input_file>
      <input_file id="fl-7b">
         <path>C:\ti\ccsv6\tools\compiler\ti-cgt-msp430_4.4.6\lib\</path>
         <kind>archive</kind>
         <file>rts430x_lc_rd_eabi.lib</file>
         <name>int52.obj</name>
      </input_file>
      <input_file id="fl-7c">
         <path>C:\ti\ccsv6\tools\compiler\ti-cgt-msp430_4.4.6\lib\</path>
         <kind>archive</kind>
         <file>rts430x_lc_rd_eabi.lib</file>
         <name>int53.obj</name>
      </input_file>
      <input_file id="fl-7d">
         <path>C:\ti\ccsv6\tools\compiler\ti-cgt-msp430_4.4.6\lib\</path>
         <kind>archive</kind>
         <file>rts430x_lc_rd_eabi.lib</file>
         <name>int54.obj</name>
      </input_file>
      <input_file id="fl-7e">
         <path>C:\ti\ccsv6\tools\compiler\ti-cgt-msp430_4.4.6\lib\</path>
         <kind>archive</kind>
         <file>rts430x_lc_rd_eabi.lib</file>
         <name>int55.obj</name>
      </input_file>
      <input_file id="fl-7f">
         <path>C:\ti\ccsv6\tools\compiler\ti-cgt-msp430_4.4.6\lib\</path>
         <kind>archive</kind>
         <file>rts430x_lc_rd_eabi.lib</file>
         <name>int56.obj</name>
      </input_file>
      <input_file id="fl-80">
         <path>C:\ti\ccsv6\tools\compiler\ti-cgt-msp430_4.4.6\lib\</path>
         <kind>archive</kind>
         <file>rts430x_lc_rd_eabi.lib</file>
         <name>int57.obj</name>
      </input_file>
      <input_file id="fl-81">
         <path>C:\ti\ccsv6\tools\compiler\ti-cgt-msp430_4.4.6\lib\</path>
         <kind>archive</kind>
         <file>rts430x_lc_rd_eabi.lib</file>
         <name>int58.obj</name>
      </input_file>
      <input_file id="fl-82">
         <path>C:\ti\ccsv6\tools\compiler\ti-cgt-msp430_4.4.6\lib\</path>
         <kind>archive</kind>
         <file>rts430x_lc_rd_eabi.lib</file>
         <name>int59.obj</name>
      </input_file>
      <input_file id="fl-83">
         <path>C:\ti\ccsv6\tools\compiler\ti-cgt-msp430_4.4.6\lib\</path>
         <kind>archive</kind>
         <file>rts430x_lc_rd_eabi.lib</file>
         <name>int60.obj</name>
      </input_file>
      <input_file id="fl-84">
         <path>C:\ti\ccsv6\tools\compiler\ti-cgt-msp430_4.4.6\lib\</path>
         <kind>archive</kind>
         <file>rts430x_lc_rd_eabi.lib</file>
         <name>int61.obj</name>
      </input_file>
      <input_file id="fl-85">
         <path>C:\ti\ccsv6\tools\compiler\ti-cgt-msp430_4.4.6\lib\</path>
         <kind>archive</kind>
         <file>rts430x_lc_rd_eabi.lib</file>
         <name>int62.obj</name>
      </input_file>
      <input_file id="fl-86">
         <path>C:\ti\ccsv6\tools\compiler\ti-cgt-msp430_4.4.6\lib\</path>
         <kind>archive</kind>
         <file>rts430x_lc_rd_eabi.lib</file>
         <name>isr_trap.obj</name>
      </input_file>
      <input_file id="fl-87">
         <path>C:\ti\ccsv6\tools\compiler\ti-cgt-msp430_4.4.6\lib\</path>
         <kind>archive</kind>
         <file>rts430x_lc_rd_eabi.lib</file>
         <name>lsl16.obj</name>
      </input_file>
      <input_file id="fl-88">
         <path>C:\ti\ccsv6\tools\compiler\ti-cgt-msp430_4.4.6\lib\</path>
         <kind>archive</kind>
         <file>rts430x_lc_rd_eabi.lib</file>
         <name>lsl32.obj</name>
      </input_file>
      <input_file id="fl-89">
         <path>C:\ti\ccsv6\tools\compiler\ti-cgt-msp430_4.4.6\lib\</path>
         <kind>archive</kind>
         <file>rts430x_lc_rd_eabi.lib</file>
         <name>lsr32.obj</name>
      </input_file>
      <input_file id="fl-8a">
         <path>C:\ti\ccsv6\tools\compiler\ti-cgt-msp430_4.4.6\lib\</path>
         <kind>archive</kind>
         <file>rts430x_lc_rd_eabi.lib</file>
         <name>memcpy.obj</name>
      </input_file>
      <input_file id="fl-8b">
         <path>C:\ti\ccsv6\tools\compiler\ti-cgt-msp430_4.4.6\lib\</path>
         <kind>archive</kind>
         <file>rts430x_lc_rd_eabi.lib</file>
         <name>memset.obj</name>
      </input_file>
      <input_file id="fl-8c">
         <path>C:\ti\ccsv6\tools\compiler\ti-cgt-msp430_4.4.6\lib\</path>
         <kind>archive</kind>
         <file>rts430x_lc_rd_eabi.lib</file>
         <name>mpu_init.obj</name>
      </input_file>
      <input_file id="fl-8d">
         <path>C:\ti\ccsv6\tools\compiler\ti-cgt-msp430_4.4.6\lib\</path>
         <kind>archive</kind>
         <file>rts430x_lc_rd_eabi.lib</file>
         <name>mult16.obj</name>
      </input_file>
      <input_file id="fl-8e">
         <path>C:\ti\ccsv6\tools\compiler\ti-cgt-msp430_4.4.6\lib\</path>
         <kind>archive</kind>
         <file>rts430x_lc_rd_eabi.lib</file>
         <name>mult1632_f5hw.obj</name>
      </input_file>
      <input_file id="fl-8f">
         <path>C:\ti\ccsv6\tools\compiler\ti-cgt-msp430_4.4.6\lib\</path>
         <kind>archive</kind>
         <file>rts430x_lc_rd_eabi.lib</file>
         <name>mult16_f5hw.obj</name>
      </input_file>
      <input_file id="fl-90">
         <path>C:\ti\ccsv6\tools\compiler\ti-cgt-msp430_4.4.6\lib\</path>
         <kind>archive</kind>
         <file>rts430x_lc_rd_eabi.lib</file>
         <name>mult32.obj</name>
      </input_file>
      <input_file id="fl-91">
         <path>C:\ti\ccsv6\tools\compiler\ti-cgt-msp430_4.4.6\lib\</path>
         <kind>archive</kind>
         <file>rts430x_lc_rd_eabi.lib</file>
         <name>mult3264_f5hw.obj</name>
      </input_file>
      <input_file id="fl-92">
         <path>C:\ti\ccsv6\tools\compiler\ti-cgt-msp430_4.4.6\lib\</path>
         <kind>archive</kind>
         <file>rts430x_lc_rd_eabi.lib</file>
         <name>mult32_f5hw.obj</name>
      </input_file>
      <input_file id="fl-93">
         <path>C:\ti\ccsv6\tools\compiler\ti-cgt-msp430_4.4.6\lib\</path>
         <kind>archive</kind>
         <file>rts430x_lc_rd_eabi.lib</file>
         <name>mult64_f5hw.obj</name>
      </input_file>
      <input_file id="fl-94">
         <path>C:\ti\ccsv6\tools\compiler\ti-cgt-msp430_4.4.6\lib\</path>
         <kind>archive</kind>
         <file>rts430x_lc_rd_eabi.lib</file>
         <name>pre_init.obj</name>
      </input_file>
      <input_file id="fl-95">
         <path>C:\ti\ccsv6\tools\compiler\ti-cgt-msp430_4.4.6\lib\</path>
         <kind>archive</kind>
         <file>rts430x_lc_rd_eabi.lib</file>
         <name>_lock.obj</name>
      </input_file>
      <input_file id="fl-96">
         <path>C:\ti\ccsv6\tools\compiler\ti-cgt-msp430_4.4.6\lib\</path>
         <kind>archive</kind>
         <file>rts430x_lc_rd_eabi.lib</file>
         <name>args_main.obj</name>
      </input_file>
      <input_file id="fl-97">
         <path>C:\ti\ccsv6\tools\compiler\ti-cgt-msp430_4.4.6\lib\</path>
         <kind>archive</kind>
         <file>rts430x_lc_rd_eabi.lib</file>
         <name>asr32.obj</name>
      </input_file>
      <input_file id="fl-98">
         <path>C:\ti\ccsv6\tools\compiler\ti-cgt-msp430_4.4.6\lib\</path>
         <kind>archive</kind>
         <file>rts430x_lc_rd_eabi.lib</file>
         <name>autoinit_wdt.obj</name>
      </input_file>
   </input_file_list>
   <object_component_list>
      <object_component id="oc-1d2">
         <name>.common:psaData</name>
         <uninitialized>true</uninitialized>
         <run_address>0x2424</run_address>
         <size>0x10</size>
      </object_component>
      <object_component id="oc-cf">
         <name>.stack</name>
         <uninitialized>true</uninitialized>
         <run_address>0x4360</run_address>
         <size>0x4</size>
         <input_file_ref idref="fl-63"/>
      </object_component>
      <object_component id="oc-427">
         <name>.stack</name>
         <uninitialized>true</uninitialized>
         <run_address>0x4360</run_address>
         <size>0x0</size>
      </object_component>
      <object_component id="oc-341">
         <name>.text:__TI_frcdivd</name>
         <load_address>0x10000</load_address>
         <run_address>0x10000</run_address>
         <size>0x452</size>
         <input_file_ref idref="fl-72"/>
      </object_component>
      <object_component id="oc-2b7">
         <name>.text:__mspabi_divd</name>
         <load_address>0x10452</load_address>
         <run_address>0x10452</run_address>
         <size>0x222</size>
         <input_file_ref idref="fl-6c"/>
      </object_component>
      <object_component id="oc-1ad">
         <name>.text:CSaAFInit</name>
         <load_address>0x10674</load_address>
         <run_address>0x10674</run_address>
         <size>0x10a</size>
         <input_file_ref idref="fl-3"/>
      </object_component>
      <object_component id="oc-363">
         <name>.text:privateUCSSourceClockFromDCO</name>
         <load_address>0x1077e</load_address>
         <run_address>0x1077e</run_address>
         <size>0x108</size>
         <input_file_ref idref="fl-29"/>
      </object_component>
      <object_component id="oc-2ff">
         <name>.text:privateUCSComputeCLKFrequency</name>
         <load_address>0x10886</load_address>
         <run_address>0x10886</run_address>
         <size>0xde</size>
         <input_file_ref idref="fl-29"/>
      </object_component>
      <object_component id="oc-201">
         <name>.text:Setup1msTimer</name>
         <load_address>0x10964</load_address>
         <run_address>0x10964</run_address>
         <size>0xb0</size>
         <input_file_ref idref="fl-6"/>
      </object_component>
      <object_component id="oc-2a5">
         <name>.text:Timer_A_initUpMode</name>
         <load_address>0x10a14</load_address>
         <run_address>0x10a14</run_address>
         <size>0x7c</size>
         <input_file_ref idref="fl-25"/>
      </object_component>
      <object_component id="oc-12b">
         <name>.text:main</name>
         <load_address>0x10a90</load_address>
         <run_address>0x10a90</run_address>
         <size>0x7a</size>
         <input_file_ref idref="fl-6"/>
      </object_component>
      <object_component id="oc-208">
         <name>.text:PSASetupSPI</name>
         <load_address>0x10b0a</load_address>
         <run_address>0x10b0a</run_address>
         <size>0x78</size>
         <input_file_ref idref="fl-5"/>
      </object_component>
      <object_component id="oc-2b1">
         <name>.text:__mspabi_fltuld</name>
         <load_address>0x10b82</load_address>
         <run_address>0x10b82</run_address>
         <size>0x76</size>
         <input_file_ref idref="fl-71"/>
      </object_component>
      <object_component id="oc-111">
         <name>.text:_auto_init_hold_wdt</name>
         <load_address>0x10bf8</load_address>
         <run_address>0x10bf8</run_address>
         <size>0x6c</size>
         <input_file_ref idref="fl-98"/>
      </object_component>
      <object_component id="oc-e0">
         <name>.text:__TI_decompress_rle_core</name>
         <load_address>0x10c64</load_address>
         <run_address>0x10c64</run_address>
         <size>0x68</size>
         <input_file_ref idref="fl-66"/>
      </object_component>
      <object_component id="oc-34e">
         <name>.text:__mspabi_fixdul</name>
         <load_address>0x10ccc</load_address>
         <run_address>0x10ccc</run_address>
         <size>0x68</size>
         <input_file_ref idref="fl-70"/>
      </object_component>
      <object_component id="oc-2d3">
         <name>.text:USCI_A_SPI_initMaster</name>
         <load_address>0x10d34</load_address>
         <run_address>0x10d34</run_address>
         <size>0x64</size>
         <input_file_ref idref="fl-2a"/>
      </object_component>
      <object_component id="oc-26a">
         <name>.text:ConfigureADS1198Channel</name>
         <load_address>0x10d98</load_address>
         <run_address>0x10d98</run_address>
         <size>0x60</size>
         <input_file_ref idref="fl-2"/>
      </object_component>
      <object_component id="oc-1d3">
         <name>.text:PSARead</name>
         <load_address>0x10df8</load_address>
         <run_address>0x10df8</run_address>
         <size>0x5e</size>
         <input_file_ref idref="fl-5"/>
      </object_component>
      <object_component id="oc-1b3">
         <name>.text:PSASetMode</name>
         <load_address>0x10e56</load_address>
         <run_address>0x10e56</run_address>
         <size>0x5c</size>
         <input_file_ref idref="fl-5"/>
      </object_component>
      <object_component id="oc-24f">
         <name>.text:USCI_B_SPI_initMaster</name>
         <load_address>0x10eb2</load_address>
         <run_address>0x10eb2</run_address>
         <size>0x5c</size>
         <input_file_ref idref="fl-2d"/>
      </object_component>
      <object_component id="oc-306">
         <name>.text</name>
         <load_address>0x10f0e</load_address>
         <run_address>0x10f0e</run_address>
         <size>0x58</size>
         <input_file_ref idref="fl-6b"/>
      </object_component>
      <object_component id="oc-28d">
         <name>.text:ADS1198GetTimePoint</name>
         <load_address>0x10f66</load_address>
         <run_address>0x10f66</run_address>
         <size>0x50</size>
         <input_file_ref idref="fl-2"/>
      </object_component>
      <object_component id="oc-214">
         <name>.text:ADS1198Init</name>
         <load_address>0x10fb6</load_address>
         <run_address>0x10fb6</run_address>
         <size>0x50</size>
         <input_file_ref idref="fl-2"/>
      </object_component>
      <object_component id="oc-369">
         <name>.text</name>
         <load_address>0x11006</load_address>
         <run_address>0x11006</run_address>
         <size>0x40</size>
         <input_file_ref idref="fl-6a"/>
      </object_component>
      <object_component id="oc-22e">
         <name>.text:GPIO_setAsInputPinWithPullUpResistor</name>
         <load_address>0x11046</load_address>
         <run_address>0x11046</run_address>
         <size>0x3e</size>
         <input_file_ref idref="fl-15"/>
      </object_component>
      <object_component id="oc-395">
         <name>.text:l_asr_const</name>
         <load_address>0x11084</load_address>
         <run_address>0x11084</run_address>
         <size>0x3e</size>
         <input_file_ref idref="fl-97"/>
      </object_component>
      <object_component id="oc-335">
         <name>.text:l_lsl_const</name>
         <load_address>0x110c2</load_address>
         <run_address>0x110c2</run_address>
         <size>0x3e</size>
         <input_file_ref idref="fl-88"/>
      </object_component>
      <object_component id="oc-33a">
         <name>.text:l_lsr_const</name>
         <load_address>0x11100</load_address>
         <run_address>0x11100</run_address>
         <size>0x3e</size>
         <input_file_ref idref="fl-89"/>
      </object_component>
      <object_component id="oc-2c3">
         <name>.text:Timer_A_initCompareMode</name>
         <load_address>0x1113e</load_address>
         <run_address>0x1113e</run_address>
         <size>0x38</size>
         <input_file_ref idref="fl-25"/>
      </object_component>
      <object_component id="oc-234">
         <name>.text:GPIO_selectInterruptEdge</name>
         <load_address>0x11176</load_address>
         <run_address>0x11176</run_address>
         <size>0x2e</size>
         <input_file_ref idref="fl-15"/>
      </object_component>
      <object_component id="oc-36e">
         <name>.text</name>
         <load_address>0x111a4</load_address>
         <run_address>0x111a4</run_address>
         <size>0x2c</size>
         <input_file_ref idref="fl-68"/>
      </object_component>
      <object_component id="oc-228">
         <name>.text:GPIO_setAsOutputPin</name>
         <load_address>0x111d0</load_address>
         <run_address>0x111d0</run_address>
         <size>0x28</size>
         <input_file_ref idref="fl-15"/>
      </object_component>
      <object_component id="oc-23a">
         <name>.text:GPIO_setAsPeripheralModuleFunctionInputPin</name>
         <load_address>0x111f8</load_address>
         <run_address>0x111f8</run_address>
         <size>0x28</size>
         <input_file_ref idref="fl-15"/>
      </object_component>
      <object_component id="oc-240">
         <name>.text:GPIO_setAsPeripheralModuleFunctionOutputPin</name>
         <load_address>0x11220</load_address>
         <run_address>0x11220</run_address>
         <size>0x28</size>
         <input_file_ref idref="fl-15"/>
      </object_component>
      <object_component id="oc-8d">
         <name>.text:decompress:ZI:__TI_zero_init</name>
         <load_address>0x11248</load_address>
         <run_address>0x11248</run_address>
         <size>0x24</size>
         <input_file_ref idref="fl-67"/>
      </object_component>
      <object_component id="oc-1d9">
         <name>.text:CSaAFWrite</name>
         <load_address>0x1126c</load_address>
         <run_address>0x1126c</run_address>
         <size>0x22</size>
         <input_file_ref idref="fl-3"/>
      </object_component>
      <object_component id="oc-158">
         <name>.text:GPIO_getInterruptStatus</name>
         <load_address>0x1128e</load_address>
         <run_address>0x1128e</run_address>
         <size>0x22</size>
         <input_file_ref idref="fl-15"/>
      </object_component>
      <object_component id="oc-20e">
         <name>.text:PSASetupIRQ</name>
         <load_address>0x112b0</load_address>
         <run_address>0x112b0</run_address>
         <size>0x22</size>
         <input_file_ref idref="fl-5"/>
      </object_component>
      <object_component id="oc-390">
         <name>.text</name>
         <load_address>0x112d2</load_address>
         <run_address>0x112d2</run_address>
         <size>0x22</size>
         <input_file_ref idref="fl-92"/>
      </object_component>
      <object_component id="oc-2ec">
         <name>.text:ADS1198WriteRegister</name>
         <load_address>0x112f4</load_address>
         <run_address>0x112f4</run_address>
         <size>0x20</size>
         <input_file_ref idref="fl-2"/>
      </object_component>
      <object_component id="oc-195">
         <name>.text:WDT_A_hold</name>
         <load_address>0x11314</load_address>
         <run_address>0x11314</run_address>
         <size>0x20</size>
         <input_file_ref idref="fl-2e"/>
      </object_component>
      <object_component id="oc-161">
         <name>.text:GPIO_clearInterrupt</name>
         <load_address>0x11334</load_address>
         <run_address>0x11334</run_address>
         <size>0x1e</size>
         <input_file_ref idref="fl-15"/>
      </object_component>
      <object_component id="oc-21b">
         <name>.text:GPIO_disableInterrupt</name>
         <load_address>0x11352</load_address>
         <run_address>0x11352</run_address>
         <size>0x1e</size>
         <input_file_ref idref="fl-15"/>
      </object_component>
      <object_component id="oc-221">
         <name>.text:GPIO_enableInterrupt</name>
         <load_address>0x11370</load_address>
         <run_address>0x11370</run_address>
         <size>0x1e</size>
         <input_file_ref idref="fl-15"/>
      </object_component>
      <object_component id="oc-276">
         <name>.text:GPIO_toggleOutputOnPin</name>
         <load_address>0x1138e</load_address>
         <run_address>0x1138e</run_address>
         <size>0x1c</size>
         <input_file_ref idref="fl-15"/>
      </object_component>
      <object_component id="oc-1a7">
         <name>.text:PSAEnableTransfer</name>
         <load_address>0x113aa</load_address>
         <run_address>0x113aa</run_address>
         <size>0x1c</size>
         <input_file_ref idref="fl-5"/>
      </object_component>
      <object_component id="oc-249">
         <name>.text:UCS_getSMCLK</name>
         <load_address>0x113c6</load_address>
         <run_address>0x113c6</run_address>
         <size>0x1a</size>
         <input_file_ref idref="fl-29"/>
      </object_component>
      <object_component id="oc-287">
         <name>.text:memset</name>
         <load_address>0x113e0</load_address>
         <run_address>0x113e0</run_address>
         <size>0x16</size>
         <input_file_ref idref="fl-8b"/>
      </object_component>
      <object_component id="oc-3af">
         <name>.text</name>
         <load_address>0x113f6</load_address>
         <run_address>0x113f6</run_address>
         <size>0x16</size>
         <input_file_ref idref="fl-69"/>
      </object_component>
      <object_component id="oc-16d">
         <name>.text</name>
         <load_address>0x1140c</load_address>
         <run_address>0x1140c</run_address>
         <size>0x16</size>
         <input_file_ref idref="fl-8f"/>
      </object_component>
      <object_component id="oc-317">
         <name>.text:ADS1198SPITxRx</name>
         <load_address>0x11422</load_address>
         <run_address>0x11422</run_address>
         <size>0x14</size>
         <input_file_ref idref="fl-2"/>
      </object_component>
      <object_component id="oc-295">
         <name>.text:FPGASPITxRx</name>
         <load_address>0x11436</load_address>
         <run_address>0x11436</run_address>
         <size>0x14</size>
         <input_file_ref idref="fl-3"/>
      </object_component>
      <object_component id="oc-d3">
         <name>.text:memcpy</name>
         <load_address>0x1144a</load_address>
         <run_address>0x1144a</run_address>
         <size>0x14</size>
         <input_file_ref idref="fl-8a"/>
      </object_component>
      <object_component id="oc-172">
         <name>.text:PSA2CSaAF</name>
         <load_address>0x1145e</load_address>
         <run_address>0x1145e</run_address>
         <size>0x12</size>
         <input_file_ref idref="fl-6"/>
      </object_component>
      <object_component id="oc-2bd">
         <name>.text:__mspabi_fixdu</name>
         <load_address>0x11470</load_address>
         <run_address>0x11470</run_address>
         <size>0x12</size>
         <input_file_ref idref="fl-6f"/>
      </object_component>
      <object_component id="oc-6b">
         <name>.text:decompress:none:__TI_decompress_none</name>
         <load_address>0x11482</load_address>
         <run_address>0x11482</run_address>
         <size>0x12</size>
         <input_file_ref idref="fl-65"/>
      </object_component>
      <object_component id="oc-39e">
         <name>.text:l_lsr</name>
         <load_address>0x11494</load_address>
         <run_address>0x11494</run_address>
         <size>0x10</size>
         <input_file_ref idref="fl-89"/>
      </object_component>
      <object_component id="oc-264">
         <name>.text:ADS1198Reset</name>
         <load_address>0x114a4</load_address>
         <run_address>0x114a4</run_address>
         <size>0xe</size>
         <input_file_ref idref="fl-2"/>
      </object_component>
      <object_component id="oc-1a1">
         <name>.text:PSAInit</name>
         <load_address>0x114b2</load_address>
         <run_address>0x114b2</run_address>
         <size>0xe</size>
         <input_file_ref idref="fl-5"/>
      </object_component>
      <object_component id="oc-19b">
         <name>.text:ConfigureHardware</name>
         <load_address>0x114c0</load_address>
         <run_address>0x114c0</run_address>
         <size>0xc</size>
         <input_file_ref idref="fl-6"/>
      </object_component>
      <object_component id="oc-2ab">
         <name>.text:Timer_A_clearCaptureCompareInterrupt</name>
         <load_address>0x114cc</load_address>
         <run_address>0x114cc</run_address>
         <size>0xa</size>
         <input_file_ref idref="fl-25"/>
      </object_component>
      <object_component id="oc-1b9">
         <name>.text:ToggleLED</name>
         <load_address>0x114d6</load_address>
         <run_address>0x114d6</run_address>
         <size>0xa</size>
         <input_file_ref idref="fl-4"/>
      </object_component>
      <object_component id="oc-379">
         <name>.text:USCI_A_SPI_transmitData</name>
         <load_address>0x114e0</load_address>
         <run_address>0x114e0</run_address>
         <size>0xa</size>
         <input_file_ref idref="fl-2a"/>
      </object_component>
      <object_component id="oc-321">
         <name>.text:USCI_B_SPI_transmitData</name>
         <load_address>0x114ea</load_address>
         <run_address>0x114ea</run_address>
         <size>0xa</size>
         <input_file_ref idref="fl-2d"/>
      </object_component>
      <object_component id="oc-3a8">
         <name>.text</name>
         <load_address>0x114f4</load_address>
         <run_address>0x114f4</run_address>
         <size>0xa</size>
         <input_file_ref idref="fl-87"/>
      </object_component>
      <object_component id="oc-37f">
         <name>.text:USCI_A_SPI_receiveData</name>
         <load_address>0x114fe</load_address>
         <run_address>0x114fe</run_address>
         <size>0x8</size>
         <input_file_ref idref="fl-2a"/>
      </object_component>
      <object_component id="oc-327">
         <name>.text:USCI_B_SPI_receiveData</name>
         <load_address>0x11506</load_address>
         <run_address>0x11506</run_address>
         <size>0x8</size>
         <input_file_ref idref="fl-2d"/>
      </object_component>
      <object_component id="oc-2e6">
         <name>.text:ADS1198SendCommand</name>
         <load_address>0x1150e</load_address>
         <run_address>0x1150e</run_address>
         <size>0x6</size>
         <input_file_ref idref="fl-2"/>
      </object_component>
      <object_component id="oc-2c9">
         <name>.text:Timer_A_startCounter</name>
         <load_address>0x11514</load_address>
         <run_address>0x11514</run_address>
         <size>0x6</size>
         <input_file_ref idref="fl-25"/>
      </object_component>
      <object_component id="oc-2d9">
         <name>.text:USCI_A_SPI_enable</name>
         <load_address>0x1151a</load_address>
         <run_address>0x1151a</run_address>
         <size>0x6</size>
         <input_file_ref idref="fl-2a"/>
      </object_component>
      <object_component id="oc-255">
         <name>.text:USCI_B_SPI_enable</name>
         <load_address>0x11520</load_address>
         <run_address>0x11520</run_address>
         <size>0x6</size>
         <input_file_ref idref="fl-2d"/>
      </object_component>
      <object_component id="oc-71">
         <name>.text:decompress:rle24:__TI_decompress_rle24</name>
         <load_address>0x11526</load_address>
         <run_address>0x11526</run_address>
         <size>0x6</size>
         <input_file_ref idref="fl-66"/>
      </object_component>
      <object_component id="oc-10b">
         <name>.text:_system_pre_init</name>
         <load_address>0x1152c</load_address>
         <run_address>0x1152c</run_address>
         <size>0x4</size>
         <input_file_ref idref="fl-94"/>
      </object_component>
      <object_component id="oc-133">
         <name>.text:abort</name>
         <load_address>0x11530</load_address>
         <run_address>0x11530</run_address>
         <size>0x4</size>
         <input_file_ref idref="fl-6d"/>
      </object_component>
      <object_component id="oc-f8">
         <name>.text:_isr:Port_1</name>
         <load_address>0x4400</load_address>
         <run_address>0x4400</run_address>
         <size>0xae</size>
         <input_file_ref idref="fl-6"/>
      </object_component>
      <object_component id="oc-f2">
         <name>.text:_isr:Port_2</name>
         <load_address>0x44ae</load_address>
         <run_address>0x44ae</run_address>
         <size>0x22</size>
         <input_file_ref idref="fl-6"/>
      </object_component>
      <object_component id="oc-ab">
         <name>.text:_isr:_c_int00_noargs_noexit</name>
         <load_address>0x44d0</load_address>
         <run_address>0x44d0</run_address>
         <size>0x1a</size>
         <input_file_ref idref="fl-64"/>
      </object_component>
      <object_component id="oc-fe">
         <name>.text:_isr:TIMER1_A0_ISR</name>
         <load_address>0x44ea</load_address>
         <run_address>0x44ea</run_address>
         <size>0x18</size>
         <input_file_ref idref="fl-6"/>
      </object_component>
      <object_component id="oc-ed">
         <name>.text:_isr:__TI_ISR_TRAP</name>
         <load_address>0x4502</load_address>
         <run_address>0x4502</run_address>
         <size>0x6</size>
         <input_file_ref idref="fl-86"/>
      </object_component>
      <object_component id="oc-426">
         <name>.cinit..data.load</name>
         <load_address>0x4556</load_address>
         <run_address>0x4556</run_address>
         <size>0x16</size>
      </object_component>
      <object_component id="oc-423">
         <name>__TI_handler_table</name>
         <load_address>0x456c</load_address>
         <run_address>0x456c</run_address>
         <size>0xc</size>
      </object_component>
      <object_component id="oc-425">
         <name>.cinit..bss.load</name>
         <load_address>0x4578</load_address>
         <run_address>0x4578</run_address>
         <size>0x6</size>
      </object_component>
      <object_component id="oc-424">
         <name>__TI_cinit_table</name>
         <load_address>0x457e</load_address>
         <run_address>0x457e</run_address>
         <size>0x10</size>
      </object_component>
      <object_component id="oc-1c3">
         <name>.const:GPIO_PORT_TO_BASE</name>
         <load_address>0x4508</load_address>
         <run_address>0x4508</run_address>
         <size>0x1c</size>
         <input_file_ref idref="fl-15"/>
      </object_component>
      <object_component id="oc-2a2">
         <name>.const</name>
         <load_address>0x4524</load_address>
         <run_address>0x4524</run_address>
         <size>0x16</size>
         <input_file_ref idref="fl-6"/>
      </object_component>
      <object_component id="oc-246">
         <name>.const</name>
         <load_address>0x453a</load_address>
         <run_address>0x453a</run_address>
         <size>0xe</size>
         <input_file_ref idref="fl-3"/>
      </object_component>
      <object_component id="oc-2d0">
         <name>.const</name>
         <load_address>0x4548</load_address>
         <run_address>0x4548</run_address>
         <size>0xe</size>
         <input_file_ref idref="fl-5"/>
      </object_component>
      <object_component id="oc-77">
         <name>.int41</name>
         <load_address>0xffd2</load_address>
         <run_address>0xffd2</run_address>
         <size>0x2</size>
         <input_file_ref idref="fl-73"/>
      </object_component>
      <object_component id="oc-78">
         <name>.int42</name>
         <load_address>0xffd4</load_address>
         <run_address>0xffd4</run_address>
         <size>0x2</size>
         <input_file_ref idref="fl-6"/>
      </object_component>
      <object_component id="oc-79">
         <name>.int43</name>
         <load_address>0xffd6</load_address>
         <run_address>0xffd6</run_address>
         <size>0x2</size>
         <input_file_ref idref="fl-74"/>
      </object_component>
      <object_component id="oc-7a">
         <name>.int44</name>
         <load_address>0xffd8</load_address>
         <run_address>0xffd8</run_address>
         <size>0x2</size>
         <input_file_ref idref="fl-75"/>
      </object_component>
      <object_component id="oc-7b">
         <name>.int45</name>
         <load_address>0xffda</load_address>
         <run_address>0xffda</run_address>
         <size>0x2</size>
         <input_file_ref idref="fl-76"/>
      </object_component>
      <object_component id="oc-7c">
         <name>.int46</name>
         <load_address>0xffdc</load_address>
         <run_address>0xffdc</run_address>
         <size>0x2</size>
         <input_file_ref idref="fl-77"/>
      </object_component>
      <object_component id="oc-7d">
         <name>.int47</name>
         <load_address>0xffde</load_address>
         <run_address>0xffde</run_address>
         <size>0x2</size>
         <input_file_ref idref="fl-6"/>
      </object_component>
      <object_component id="oc-7e">
         <name>.int48</name>
         <load_address>0xffe0</load_address>
         <run_address>0xffe0</run_address>
         <size>0x2</size>
         <input_file_ref idref="fl-78"/>
      </object_component>
      <object_component id="oc-7f">
         <name>.int49</name>
         <load_address>0xffe2</load_address>
         <run_address>0xffe2</run_address>
         <size>0x2</size>
         <input_file_ref idref="fl-6"/>
      </object_component>
      <object_component id="oc-80">
         <name>.int50</name>
         <load_address>0xffe4</load_address>
         <run_address>0xffe4</run_address>
         <size>0x2</size>
         <input_file_ref idref="fl-79"/>
      </object_component>
      <object_component id="oc-81">
         <name>.int51</name>
         <load_address>0xffe6</load_address>
         <run_address>0xffe6</run_address>
         <size>0x2</size>
         <input_file_ref idref="fl-7a"/>
      </object_component>
      <object_component id="oc-82">
         <name>.int52</name>
         <load_address>0xffe8</load_address>
         <run_address>0xffe8</run_address>
         <size>0x2</size>
         <input_file_ref idref="fl-7b"/>
      </object_component>
      <object_component id="oc-83">
         <name>.int53</name>
         <load_address>0xffea</load_address>
         <run_address>0xffea</run_address>
         <size>0x2</size>
         <input_file_ref idref="fl-7c"/>
      </object_component>
      <object_component id="oc-84">
         <name>.int54</name>
         <load_address>0xffec</load_address>
         <run_address>0xffec</run_address>
         <size>0x2</size>
         <input_file_ref idref="fl-7d"/>
      </object_component>
      <object_component id="oc-85">
         <name>.int55</name>
         <load_address>0xffee</load_address>
         <run_address>0xffee</run_address>
         <size>0x2</size>
         <input_file_ref idref="fl-7e"/>
      </object_component>
      <object_component id="oc-86">
         <name>.int56</name>
         <load_address>0xfff0</load_address>
         <run_address>0xfff0</run_address>
         <size>0x2</size>
         <input_file_ref idref="fl-7f"/>
      </object_component>
      <object_component id="oc-87">
         <name>.int57</name>
         <load_address>0xfff2</load_address>
         <run_address>0xfff2</run_address>
         <size>0x2</size>
         <input_file_ref idref="fl-80"/>
      </object_component>
      <object_component id="oc-88">
         <name>.int58</name>
         <load_address>0xfff4</load_address>
         <run_address>0xfff4</run_address>
         <size>0x2</size>
         <input_file_ref idref="fl-81"/>
      </object_component>
      <object_component id="oc-89">
         <name>.int59</name>
         <load_address>0xfff6</load_address>
         <run_address>0xfff6</run_address>
         <size>0x2</size>
         <input_file_ref idref="fl-82"/>
      </object_component>
      <object_component id="oc-8a">
         <name>.int60</name>
         <load_address>0xfff8</load_address>
         <run_address>0xfff8</run_address>
         <size>0x2</size>
         <input_file_ref idref="fl-83"/>
      </object_component>
      <object_component id="oc-8b">
         <name>.int61</name>
         <load_address>0xfffa</load_address>
         <run_address>0xfffa</run_address>
         <size>0x2</size>
         <input_file_ref idref="fl-84"/>
      </object_component>
      <object_component id="oc-8c">
         <name>.int62</name>
         <load_address>0xfffc</load_address>
         <run_address>0xfffc</run_address>
         <size>0x2</size>
         <input_file_ref idref="fl-85"/>
      </object_component>
      <object_component id="oc-d2">
         <name>.reset</name>
         <load_address>0xfffe</load_address>
         <run_address>0xfffe</run_address>
         <size>0x2</size>
         <input_file_ref idref="fl-63"/>
      </object_component>
      <object_component id="oc-2f2">
         <name>.data</name>
         <load_address>0x241e</load_address>
         <run_address>0x241e</run_address>
         <size>0x5</size>
         <input_file_ref idref="fl-2"/>
      </object_component>
      <object_component id="oc-261">
         <name>.data</name>
         <load_address>0x240e</load_address>
         <run_address>0x240e</run_address>
         <size>0x8</size>
         <input_file_ref idref="fl-5"/>
      </object_component>
      <object_component id="oc-15e">
         <name>.data</name>
         <load_address>0x2400</load_address>
         <run_address>0x2400</run_address>
         <size>0xe</size>
         <input_file_ref idref="fl-6"/>
      </object_component>
      <object_component id="oc-360">
         <name>.data</name>
         <load_address>0x2416</load_address>
         <run_address>0x2416</run_address>
         <size>0x8</size>
         <input_file_ref idref="fl-29"/>
      </object_component>
      <object_component id="oc-31e">
         <name>.debug_info</name>
         <load_address>0x0</load_address>
         <run_address>0x0</run_address>
         <size>0x1e0</size>
         <input_file_ref idref="fl-2"/>
      </object_component>
      <object_component id="oc-2f3">
         <name>.debug_info</name>
         <load_address>0x1e0</load_address>
         <run_address>0x1e0</run_address>
         <size>0x13e</size>
         <input_file_ref idref="fl-2"/>
      </object_component>
      <object_component id="oc-318">
         <name>.debug_info</name>
         <load_address>0x31e</load_address>
         <run_address>0x31e</run_address>
         <size>0x175</size>
         <input_file_ref idref="fl-2"/>
      </object_component>
      <object_component id="oc-2e7">
         <name>.debug_info</name>
         <load_address>0x493</load_address>
         <run_address>0x493</run_address>
         <size>0x144</size>
         <input_file_ref idref="fl-2"/>
      </object_component>
      <object_component id="oc-2ed">
         <name>.debug_info</name>
         <load_address>0x5d7</load_address>
         <run_address>0x5d7</run_address>
         <size>0x1e1</size>
         <input_file_ref idref="fl-2"/>
      </object_component>
      <object_component id="oc-28e">
         <name>.debug_info</name>
         <load_address>0x7b8</load_address>
         <run_address>0x7b8</run_address>
         <size>0x1ba</size>
         <input_file_ref idref="fl-2"/>
      </object_component>
      <object_component id="oc-215">
         <name>.debug_info</name>
         <load_address>0x972</load_address>
         <run_address>0x972</run_address>
         <size>0x1e5</size>
         <input_file_ref idref="fl-2"/>
      </object_component>
      <object_component id="oc-265">
         <name>.debug_info</name>
         <load_address>0xb57</load_address>
         <run_address>0xb57</run_address>
         <size>0x12d</size>
         <input_file_ref idref="fl-2"/>
      </object_component>
      <object_component id="oc-26b">
         <name>.debug_info</name>
         <load_address>0xc84</load_address>
         <run_address>0xc84</run_address>
         <size>0x1aa</size>
         <input_file_ref idref="fl-2"/>
      </object_component>
      <object_component id="oc-271">
         <name>.debug_info</name>
         <load_address>0xe2e</load_address>
         <run_address>0xe2e</run_address>
         <size>0xc2</size>
         <input_file_ref idref="fl-2"/>
      </object_component>
      <object_component id="oc-282">
         <name>.debug_info</name>
         <load_address>0xef0</load_address>
         <run_address>0xef0</run_address>
         <size>0x392</size>
         <input_file_ref idref="fl-2"/>
      </object_component>
      <object_component id="oc-2e0">
         <name>.debug_info</name>
         <load_address>0x1282</load_address>
         <run_address>0x1282</run_address>
         <size>0xf5</size>
         <input_file_ref idref="fl-2"/>
      </object_component>
      <object_component id="oc-25c">
         <name>.debug_info</name>
         <load_address>0x1377</load_address>
         <run_address>0x1377</run_address>
         <size>0xf5</size>
         <input_file_ref idref="fl-2"/>
      </object_component>
      <object_component id="oc-1cb">
         <name>.debug_info</name>
         <load_address>0x146c</load_address>
         <run_address>0x146c</run_address>
         <size>0x8b</size>
         <input_file_ref idref="fl-2"/>
      </object_component>
      <object_component id="oc-168">
         <name>.debug_info</name>
         <load_address>0x14f7</load_address>
         <run_address>0x14f7</run_address>
         <size>0x18b</size>
         <input_file_ref idref="fl-2"/>
      </object_component>
      <object_component id="oc-29c">
         <name>.debug_info</name>
         <load_address>0x1682</load_address>
         <run_address>0x1682</run_address>
         <size>0x59d</size>
         <input_file_ref idref="fl-3"/>
      </object_component>
      <object_component id="oc-247">
         <name>.debug_info</name>
         <load_address>0x1c1f</load_address>
         <run_address>0x1c1f</run_address>
         <size>0xd7</size>
         <input_file_ref idref="fl-3"/>
      </object_component>
      <object_component id="oc-296">
         <name>.debug_info</name>
         <load_address>0x1cf6</load_address>
         <run_address>0x1cf6</run_address>
         <size>0x169</size>
         <input_file_ref idref="fl-3"/>
      </object_component>
      <object_component id="oc-1da">
         <name>.debug_info</name>
         <load_address>0x1e5f</load_address>
         <run_address>0x1e5f</run_address>
         <size>0x16c</size>
         <input_file_ref idref="fl-3"/>
      </object_component>
      <object_component id="oc-1ae">
         <name>.debug_info</name>
         <load_address>0x1fcb</load_address>
         <run_address>0x1fcb</run_address>
         <size>0x41d</size>
         <input_file_ref idref="fl-3"/>
      </object_component>
      <object_component id="oc-1ba">
         <name>.debug_info</name>
         <load_address>0x23e8</load_address>
         <run_address>0x23e8</run_address>
         <size>0x18c</size>
         <input_file_ref idref="fl-4"/>
      </object_component>
      <object_component id="oc-294">
         <name>.debug_info</name>
         <load_address>0x2574</load_address>
         <run_address>0x2574</run_address>
         <size>0x54b</size>
         <input_file_ref idref="fl-5"/>
      </object_component>
      <object_component id="oc-262">
         <name>.debug_info</name>
         <load_address>0x2abf</load_address>
         <run_address>0x2abf</run_address>
         <size>0xd6</size>
         <input_file_ref idref="fl-5"/>
      </object_component>
      <object_component id="oc-2d1">
         <name>.debug_info</name>
         <load_address>0x2b95</load_address>
         <run_address>0x2b95</run_address>
         <size>0xd5</size>
         <input_file_ref idref="fl-5"/>
      </object_component>
      <object_component id="oc-20f">
         <name>.debug_info</name>
         <load_address>0x2c6a</load_address>
         <run_address>0x2c6a</run_address>
         <size>0x16a</size>
         <input_file_ref idref="fl-5"/>
      </object_component>
      <object_component id="oc-209">
         <name>.debug_info</name>
         <load_address>0x2dd4</load_address>
         <run_address>0x2dd4</run_address>
         <size>0x203</size>
         <input_file_ref idref="fl-5"/>
      </object_component>
      <object_component id="oc-1a2">
         <name>.debug_info</name>
         <load_address>0x2fd7</load_address>
         <run_address>0x2fd7</run_address>
         <size>0x134</size>
         <input_file_ref idref="fl-5"/>
      </object_component>
      <object_component id="oc-1a8">
         <name>.debug_info</name>
         <load_address>0x310b</load_address>
         <run_address>0x310b</run_address>
         <size>0x173</size>
         <input_file_ref idref="fl-5"/>
      </object_component>
      <object_component id="oc-1d4">
         <name>.debug_info</name>
         <load_address>0x327e</load_address>
         <run_address>0x327e</run_address>
         <size>0x1ab</size>
         <input_file_ref idref="fl-5"/>
      </object_component>
      <object_component id="oc-1b4">
         <name>.debug_info</name>
         <load_address>0x3429</load_address>
         <run_address>0x3429</run_address>
         <size>0x20a</size>
         <input_file_ref idref="fl-5"/>
      </object_component>
      <object_component id="oc-1c9">
         <name>.debug_info</name>
         <load_address>0x3633</load_address>
         <run_address>0x3633</run_address>
         <size>0x4d1</size>
         <input_file_ref idref="fl-6"/>
      </object_component>
      <object_component id="oc-15f">
         <name>.debug_info</name>
         <load_address>0x3b04</load_address>
         <run_address>0x3b04</run_address>
         <size>0x14a</size>
         <input_file_ref idref="fl-6"/>
      </object_component>
      <object_component id="oc-2a3">
         <name>.debug_info</name>
         <load_address>0x3c4e</load_address>
         <run_address>0x3c4e</run_address>
         <size>0xf4</size>
         <input_file_ref idref="fl-6"/>
      </object_component>
      <object_component id="oc-12c">
         <name>.debug_info</name>
         <load_address>0x3d42</load_address>
         <run_address>0x3d42</run_address>
         <size>0x1d0</size>
         <input_file_ref idref="fl-6"/>
      </object_component>
      <object_component id="oc-19c">
         <name>.debug_info</name>
         <load_address>0x3f12</load_address>
         <run_address>0x3f12</run_address>
         <size>0x129</size>
         <input_file_ref idref="fl-6"/>
      </object_component>
      <object_component id="oc-173">
         <name>.debug_info</name>
         <load_address>0x403b</load_address>
         <run_address>0x403b</run_address>
         <size>0x124</size>
         <input_file_ref idref="fl-6"/>
      </object_component>
      <object_component id="oc-f9">
         <name>.debug_info</name>
         <load_address>0x415f</load_address>
         <run_address>0x415f</run_address>
         <size>0x1eb</size>
         <input_file_ref idref="fl-6"/>
      </object_component>
      <object_component id="oc-f3">
         <name>.debug_info</name>
         <load_address>0x434a</load_address>
         <run_address>0x434a</run_address>
         <size>0x153</size>
         <input_file_ref idref="fl-6"/>
      </object_component>
      <object_component id="oc-202">
         <name>.debug_info</name>
         <load_address>0x449d</load_address>
         <run_address>0x449d</run_address>
         <size>0x22d</size>
         <input_file_ref idref="fl-6"/>
      </object_component>
      <object_component id="oc-ff">
         <name>.debug_info</name>
         <load_address>0x46ca</load_address>
         <run_address>0x46ca</run_address>
         <size>0x11e</size>
         <input_file_ref idref="fl-6"/>
      </object_component>
      <object_component id="oc-141">
         <name>.debug_info</name>
         <load_address>0x47e8</load_address>
         <run_address>0x47e8</run_address>
         <size>0x84</size>
         <input_file_ref idref="fl-7"/>
      </object_component>
      <object_component id="oc-27f">
         <name>.debug_info</name>
         <load_address>0x486c</load_address>
         <run_address>0x486c</run_address>
         <size>0x169</size>
         <input_file_ref idref="fl-15"/>
      </object_component>
      <object_component id="oc-1c4">
         <name>.debug_info</name>
         <load_address>0x49d5</load_address>
         <run_address>0x49d5</run_address>
         <size>0x103</size>
         <input_file_ref idref="fl-15"/>
      </object_component>
      <object_component id="oc-229">
         <name>.debug_info</name>
         <load_address>0x4ad8</load_address>
         <run_address>0x4ad8</run_address>
         <size>0x207</size>
         <input_file_ref idref="fl-15"/>
      </object_component>
      <object_component id="oc-241">
         <name>.debug_info</name>
         <load_address>0x4cdf</load_address>
         <run_address>0x4cdf</run_address>
         <size>0x237</size>
         <input_file_ref idref="fl-15"/>
      </object_component>
      <object_component id="oc-23b">
         <name>.debug_info</name>
         <load_address>0x4f16</load_address>
         <run_address>0x4f16</run_address>
         <size>0x235</size>
         <input_file_ref idref="fl-15"/>
      </object_component>
      <object_component id="oc-277">
         <name>.debug_info</name>
         <load_address>0x514b</load_address>
         <run_address>0x514b</run_address>
         <size>0x210</size>
         <input_file_ref idref="fl-15"/>
      </object_component>
      <object_component id="oc-22f">
         <name>.debug_info</name>
         <load_address>0x535b</load_address>
         <run_address>0x535b</run_address>
         <size>0x22c</size>
         <input_file_ref idref="fl-15"/>
      </object_component>
      <object_component id="oc-222">
         <name>.debug_info</name>
         <load_address>0x5587</load_address>
         <run_address>0x5587</run_address>
         <size>0x20c</size>
         <input_file_ref idref="fl-15"/>
      </object_component>
      <object_component id="oc-21c">
         <name>.debug_info</name>
         <load_address>0x5793</load_address>
         <run_address>0x5793</run_address>
         <size>0x20e</size>
         <input_file_ref idref="fl-15"/>
      </object_component>
      <object_component id="oc-159">
         <name>.debug_info</name>
         <load_address>0x59a1</load_address>
         <run_address>0x59a1</run_address>
         <size>0x216</size>
         <input_file_ref idref="fl-15"/>
      </object_component>
      <object_component id="oc-162">
         <name>.debug_info</name>
         <load_address>0x5bb7</load_address>
         <run_address>0x5bb7</run_address>
         <size>0x20a</size>
         <input_file_ref idref="fl-15"/>
      </object_component>
      <object_component id="oc-235">
         <name>.debug_info</name>
         <load_address>0x5dc1</load_address>
         <run_address>0x5dc1</run_address>
         <size>0x24e</size>
         <input_file_ref idref="fl-15"/>
      </object_component>
      <object_component id="oc-333">
         <name>.debug_info</name>
         <load_address>0x600f</load_address>
         <run_address>0x600f</run_address>
         <size>0x178</size>
         <input_file_ref idref="fl-25"/>
      </object_component>
      <object_component id="oc-2ca">
         <name>.debug_info</name>
         <load_address>0x6187</load_address>
         <run_address>0x6187</run_address>
         <size>0x1e3</size>
         <input_file_ref idref="fl-25"/>
      </object_component>
      <object_component id="oc-2a6">
         <name>.debug_info</name>
         <load_address>0x636a</load_address>
         <run_address>0x636a</run_address>
         <size>0x1cf</size>
         <input_file_ref idref="fl-25"/>
      </object_component>
      <object_component id="oc-2c4">
         <name>.debug_info</name>
         <load_address>0x6539</load_address>
         <run_address>0x6539</run_address>
         <size>0x1d9</size>
         <input_file_ref idref="fl-25"/>
      </object_component>
      <object_component id="oc-2ac">
         <name>.debug_info</name>
         <load_address>0x6712</load_address>
         <run_address>0x6712</run_address>
         <size>0x21b</size>
         <input_file_ref idref="fl-25"/>
      </object_component>
      <object_component id="oc-361">
         <name>.debug_info</name>
         <load_address>0x692d</load_address>
         <run_address>0x692d</run_address>
         <size>0x150</size>
         <input_file_ref idref="fl-29"/>
      </object_component>
      <object_component id="oc-364">
         <name>.debug_info</name>
         <load_address>0x6a7d</load_address>
         <run_address>0x6a7d</run_address>
         <size>0x2a6</size>
         <input_file_ref idref="fl-29"/>
      </object_component>
      <object_component id="oc-300">
         <name>.debug_info</name>
         <load_address>0x6d23</load_address>
         <run_address>0x6d23</run_address>
         <size>0x31b</size>
         <input_file_ref idref="fl-29"/>
      </object_component>
      <object_component id="oc-24a">
         <name>.debug_info</name>
         <load_address>0x703e</load_address>
         <run_address>0x703e</run_address>
         <size>0x1ca</size>
         <input_file_ref idref="fl-29"/>
      </object_component>
      <object_component id="oc-35a">
         <name>.debug_info</name>
         <load_address>0x7208</load_address>
         <run_address>0x7208</run_address>
         <size>0x163</size>
         <input_file_ref idref="fl-2a"/>
      </object_component>
      <object_component id="oc-2d4">
         <name>.debug_info</name>
         <load_address>0x736b</load_address>
         <run_address>0x736b</run_address>
         <size>0x1f7</size>
         <input_file_ref idref="fl-2a"/>
      </object_component>
      <object_component id="oc-37a">
         <name>.debug_info</name>
         <load_address>0x7562</load_address>
         <run_address>0x7562</run_address>
         <size>0x1df</size>
         <input_file_ref idref="fl-2a"/>
      </object_component>
      <object_component id="oc-380">
         <name>.debug_info</name>
         <load_address>0x7741</load_address>
         <run_address>0x7741</run_address>
         <size>0x19f</size>
         <input_file_ref idref="fl-2a"/>
      </object_component>
      <object_component id="oc-2da">
         <name>.debug_info</name>
         <load_address>0x78e0</load_address>
         <run_address>0x78e0</run_address>
         <size>0x1b0</size>
         <input_file_ref idref="fl-2a"/>
      </object_component>
      <object_component id="oc-30c">
         <name>.debug_info</name>
         <load_address>0x7a90</load_address>
         <run_address>0x7a90</run_address>
         <size>0x163</size>
         <input_file_ref idref="fl-2d"/>
      </object_component>
      <object_component id="oc-250">
         <name>.debug_info</name>
         <load_address>0x7bf3</load_address>
         <run_address>0x7bf3</run_address>
         <size>0x1f7</size>
         <input_file_ref idref="fl-2d"/>
      </object_component>
      <object_component id="oc-322">
         <name>.debug_info</name>
         <load_address>0x7dea</load_address>
         <run_address>0x7dea</run_address>
         <size>0x1df</size>
         <input_file_ref idref="fl-2d"/>
      </object_component>
      <object_component id="oc-328">
         <name>.debug_info</name>
         <load_address>0x7fc9</load_address>
         <run_address>0x7fc9</run_address>
         <size>0x19f</size>
         <input_file_ref idref="fl-2d"/>
      </object_component>
      <object_component id="oc-256">
         <name>.debug_info</name>
         <load_address>0x8168</load_address>
         <run_address>0x8168</run_address>
         <size>0x1b0</size>
         <input_file_ref idref="fl-2d"/>
      </object_component>
      <object_component id="oc-196">
         <name>.debug_info</name>
         <load_address>0x8318</load_address>
         <run_address>0x8318</run_address>
         <size>0x1b4</size>
         <input_file_ref idref="fl-2e"/>
      </object_component>
      <object_component id="oc-d0">
         <name>.debug_info</name>
         <load_address>0x84cc</load_address>
         <run_address>0x84cc</run_address>
         <size>0xd6</size>
         <input_file_ref idref="fl-63"/>
      </object_component>
      <object_component id="oc-ac">
         <name>.debug_info</name>
         <load_address>0x85a2</load_address>
         <run_address>0x85a2</run_address>
         <size>0x177</size>
         <input_file_ref idref="fl-64"/>
      </object_component>
      <object_component id="oc-df">
         <name>.debug_info</name>
         <load_address>0x8719</load_address>
         <run_address>0x8719</run_address>
         <size>0x1a7</size>
         <input_file_ref idref="fl-65"/>
      </object_component>
      <object_component id="oc-6c">
         <name>.debug_info</name>
         <load_address>0x88c0</load_address>
         <run_address>0x88c0</run_address>
         <size>0x1a9</size>
         <input_file_ref idref="fl-65"/>
      </object_component>
      <object_component id="oc-da">
         <name>.debug_info</name>
         <load_address>0x8a69</load_address>
         <run_address>0x8a69</run_address>
         <size>0x46</size>
         <input_file_ref idref="fl-65"/>
      </object_component>
      <object_component id="oc-14f">
         <name>.debug_info</name>
         <load_address>0x8aaf</load_address>
         <run_address>0x8aaf</run_address>
         <size>0x2c</size>
         <input_file_ref idref="fl-65"/>
      </object_component>
      <object_component id="oc-e7">
         <name>.debug_info</name>
         <load_address>0x8adb</load_address>
         <run_address>0x8adb</run_address>
         <size>0x164</size>
         <input_file_ref idref="fl-66"/>
      </object_component>
      <object_component id="oc-e1">
         <name>.debug_info</name>
         <load_address>0x8c3f</load_address>
         <run_address>0x8c3f</run_address>
         <size>0x21b</size>
         <input_file_ref idref="fl-66"/>
      </object_component>
      <object_component id="oc-72">
         <name>.debug_info</name>
         <load_address>0x8e5a</load_address>
         <run_address>0x8e5a</run_address>
         <size>0x192</size>
         <input_file_ref idref="fl-66"/>
      </object_component>
      <object_component id="oc-e8">
         <name>.debug_info</name>
         <load_address>0x8fec</load_address>
         <run_address>0x8fec</run_address>
         <size>0x39</size>
         <input_file_ref idref="fl-66"/>
      </object_component>
      <object_component id="oc-10a">
         <name>.debug_info</name>
         <load_address>0x9025</load_address>
         <run_address>0x9025</run_address>
         <size>0x155</size>
         <input_file_ref idref="fl-67"/>
      </object_component>
      <object_component id="oc-8e">
         <name>.debug_info</name>
         <load_address>0x917a</load_address>
         <run_address>0x917a</run_address>
         <size>0x19b</size>
         <input_file_ref idref="fl-67"/>
      </object_component>
      <object_component id="oc-105">
         <name>.debug_info</name>
         <load_address>0x9315</load_address>
         <run_address>0x9315</run_address>
         <size>0x46</size>
         <input_file_ref idref="fl-67"/>
      </object_component>
      <object_component id="oc-370">
         <name>.debug_info</name>
         <load_address>0x935b</load_address>
         <run_address>0x935b</run_address>
         <size>0x112</size>
         <input_file_ref idref="fl-68"/>
      </object_component>
      <object_component id="oc-3b0">
         <name>.debug_info</name>
         <load_address>0x946d</load_address>
         <run_address>0x946d</run_address>
         <size>0xfe</size>
         <input_file_ref idref="fl-69"/>
      </object_component>
      <object_component id="oc-36a">
         <name>.debug_info</name>
         <load_address>0x956b</load_address>
         <run_address>0x956b</run_address>
         <size>0x115</size>
         <input_file_ref idref="fl-6a"/>
      </object_component>
      <object_component id="oc-307">
         <name>.debug_info</name>
         <load_address>0x9680</load_address>
         <run_address>0x9680</run_address>
         <size>0x100</size>
         <input_file_ref idref="fl-6b"/>
      </object_component>
      <object_component id="oc-348">
         <name>.debug_info</name>
         <load_address>0x9780</load_address>
         <run_address>0x9780</run_address>
         <size>0x173</size>
         <input_file_ref idref="fl-6c"/>
      </object_component>
      <object_component id="oc-2ba">
         <name>.debug_info</name>
         <load_address>0x98f3</load_address>
         <run_address>0x98f3</run_address>
         <size>0x228</size>
         <input_file_ref idref="fl-6c"/>
      </object_component>
      <object_component id="oc-349">
         <name>.debug_info</name>
         <load_address>0x9b1b</load_address>
         <run_address>0x9b1b</run_address>
         <size>0x94</size>
         <input_file_ref idref="fl-6c"/>
      </object_component>
      <object_component id="oc-137">
         <name>.debug_info</name>
         <load_address>0x9baf</load_address>
         <run_address>0x9baf</run_address>
         <size>0xf8</size>
         <input_file_ref idref="fl-6d"/>
      </object_component>
      <object_component id="oc-2c1">
         <name>.debug_info</name>
         <load_address>0x9ca7</load_address>
         <run_address>0x9ca7</run_address>
         <size>0x14c</size>
         <input_file_ref idref="fl-6f"/>
      </object_component>
      <object_component id="oc-350">
         <name>.debug_info</name>
         <load_address>0x9df3</load_address>
         <run_address>0x9df3</run_address>
         <size>0x186</size>
         <input_file_ref idref="fl-70"/>
      </object_component>
      <object_component id="oc-340">
         <name>.debug_info</name>
         <load_address>0x9f79</load_address>
         <run_address>0x9f79</run_address>
         <size>0x137</size>
         <input_file_ref idref="fl-71"/>
      </object_component>
      <object_component id="oc-2b4">
         <name>.debug_info</name>
         <load_address>0xa0b0</load_address>
         <run_address>0xa0b0</run_address>
         <size>0x197</size>
         <input_file_ref idref="fl-71"/>
      </object_component>
      <object_component id="oc-39b">
         <name>.debug_info</name>
         <load_address>0xa247</load_address>
         <run_address>0xa247</run_address>
         <size>0x13e</size>
         <input_file_ref idref="fl-72"/>
      </object_component>
      <object_component id="oc-343">
         <name>.debug_info</name>
         <load_address>0xa385</load_address>
         <run_address>0xa385</run_address>
         <size>0x581</size>
         <input_file_ref idref="fl-72"/>
      </object_component>
      <object_component id="oc-ef">
         <name>.debug_info</name>
         <load_address>0xa906</load_address>
         <run_address>0xa906</run_address>
         <size>0xec</size>
         <input_file_ref idref="fl-86"/>
      </object_component>
      <object_component id="oc-3ab">
         <name>.debug_info</name>
         <load_address>0xa9f2</load_address>
         <run_address>0xa9f2</run_address>
         <size>0xfd</size>
         <input_file_ref idref="fl-87"/>
      </object_component>
      <object_component id="oc-338">
         <name>.debug_info</name>
         <load_address>0xaaef</load_address>
         <run_address>0xaaef</run_address>
         <size>0x103</size>
         <input_file_ref idref="fl-88"/>
      </object_component>
      <object_component id="oc-3a1">
         <name>.debug_info</name>
         <load_address>0xabf2</load_address>
         <run_address>0xabf2</run_address>
         <size>0xfd</size>
         <input_file_ref idref="fl-89"/>
      </object_component>
      <object_component id="oc-33d">
         <name>.debug_info</name>
         <load_address>0xacef</load_address>
         <run_address>0xacef</run_address>
         <size>0x103</size>
         <input_file_ref idref="fl-89"/>
      </object_component>
      <object_component id="oc-147">
         <name>.debug_info</name>
         <load_address>0xadf2</load_address>
         <run_address>0xadf2</run_address>
         <size>0x15d</size>
         <input_file_ref idref="fl-8a"/>
      </object_component>
      <object_component id="oc-d6">
         <name>.debug_info</name>
         <load_address>0xaf4f</load_address>
         <run_address>0xaf4f</run_address>
         <size>0x172</size>
         <input_file_ref idref="fl-8a"/>
      </object_component>
      <object_component id="oc-148">
         <name>.debug_info</name>
         <load_address>0xb0c1</load_address>
         <run_address>0xb0c1</run_address>
         <size>0x2c</size>
         <input_file_ref idref="fl-8a"/>
      </object_component>
      <object_component id="oc-316">
         <name>.debug_info</name>
         <load_address>0xb0ed</load_address>
         <run_address>0xb0ed</run_address>
         <size>0x14d</size>
         <input_file_ref idref="fl-8b"/>
      </object_component>
      <object_component id="oc-28a">
         <name>.debug_info</name>
         <load_address>0xb23a</load_address>
         <run_address>0xb23a</run_address>
         <size>0x227</size>
         <input_file_ref idref="fl-8b"/>
      </object_component>
      <object_component id="oc-170">
         <name>.debug_info</name>
         <load_address>0xb461</load_address>
         <run_address>0xb461</run_address>
         <size>0x10d</size>
         <input_file_ref idref="fl-8f"/>
      </object_component>
      <object_component id="oc-392">
         <name>.debug_info</name>
         <load_address>0xb56e</load_address>
         <run_address>0xb56e</run_address>
         <size>0x10d</size>
         <input_file_ref idref="fl-92"/>
      </object_component>
      <object_component id="oc-10f">
         <name>.debug_info</name>
         <load_address>0xb67b</load_address>
         <run_address>0xb67b</run_address>
         <size>0x129</size>
         <input_file_ref idref="fl-94"/>
      </object_component>
      <object_component id="oc-398">
         <name>.debug_info</name>
[...]
         <value>0x114c0</value>
         <object_component_ref idref="oc-19b"/>
      </symbol>
      <symbol id="sm-493">
         <name>timer_debug_led</name>
         <value>0x2404</value>
         <object_component_ref idref="oc-15e"/>
      </symbol>
      <symbol id="sm-494">
         <name>timer_ms</name>
         <value>0x2400</value>
         <object_component_ref idref="oc-15e"/>
      </symbol>
      <symbol id="sm-495">
         <name>Setup1msTimer</name>
         <value>0x10964</value>
         <object_component_ref idref="oc-201"/>
      </symbol>
      <symbol id="sm-506">
         <name>GPIO_clearInterrupt</name>
         <value>0x11334</value>
         <object_component_ref idref="oc-161"/>
      </symbol>
      <symbol id="sm-507">
         <name>GPIO_selectInterruptEdge</name>
         <value>0x11176</value>
         <object_component_ref idref="oc-234"/>
      </symbol>
      <symbol id="sm-508">
         <name>GPIO_setAsInputPinWithPullUpResistor</name>
         <value>0x11046</value>
         <object_component_ref idref="oc-22e"/>
      </symbol>
      <symbol id="sm-509">
         <name>GPIO_getInterruptStatus</name>
         <value>0x1128e</value>
         <object_component_ref idref="oc-158"/>
      </symbol>
      <symbol id="sm-50a">
         <name>GPIO_enableInterrupt</name>
         <value>0x11370</value>
         <object_component_ref idref="oc-221"/>
      </symbol>
      <symbol id="sm-50b">
         <name>GPIO_setAsOutputPin</name>
         <value>0x111d0</value>
         <object_component_ref idref="oc-228"/>
      </symbol>
      <symbol id="sm-50c">
         <name>GPIO_toggleOutputOnPin</name>
         <value>0x1138e</value>
         <object_component_ref idref="oc-276"/>
      </symbol>
      <symbol id="sm-50d">
         <name>GPIO_setAsPeripheralModuleFunctionOutputPin</name>
         <value>0x11220</value>
         <object_component_ref idref="oc-240"/>
      </symbol>
      <symbol id="sm-50e">
         <name>GPIO_setAsPeripheralModuleFunctionInputPin</name>
         <value>0x111f8</value>
         <object_component_ref idref="oc-23a"/>
      </symbol>
      <symbol id="sm-50f">
         <name>GPIO_disableInterrupt</name>
         <value>0x11352</value>
         <object_component_ref idref="oc-21b"/>
      </symbol>
      <symbol id="sm-542">
         <name>Timer_A_clearCaptureCompareInterrupt</name>
         <value>0x114cc</value>
         <object_component_ref idref="oc-2ab"/>
      </symbol>
      <symbol id="sm-543">
         <name>Timer_A_initUpMode</name>
         <value>0x10a14</value>
         <object_component_ref idref="oc-2a5"/>
      </symbol>
      <symbol id="sm-544">
         <name>Timer_A_initCompareMode</name>
         <value>0x1113e</value>
         <object_component_ref idref="oc-2c3"/>
      </symbol>
      <symbol id="sm-545">
         <name>Timer_A_startCounter</name>
         <value>0x11514</value>
         <object_component_ref idref="oc-2c9"/>
      </symbol>
      <symbol id="sm-57b">
         <name>UCS_getSMCLK</name>
         <value>0x113c6</value>
         <object_component_ref idref="oc-249"/>
      </symbol>
      <symbol id="sm-59c">
         <name>USCI_A_SPI_initMaster</name>
         <value>0x10d34</value>
         <object_component_ref idref="oc-2d3"/>
      </symbol>
      <symbol id="sm-59d">
         <name>USCI_A_SPI_receiveData</name>
         <value>0x114fe</value>
         <object_component_ref idref="oc-37f"/>
      </symbol>
      <symbol id="sm-59e">
         <name>USCI_A_SPI_transmitData</name>
         <value>0x114e0</value>
         <object_component_ref idref="oc-379"/>
      </symbol>
      <symbol id="sm-59f">
         <name>USCI_A_SPI_enable</name>
         <value>0x1151a</value>
         <object_component_ref idref="oc-2d9"/>
      </symbol>
      <symbol id="sm-5c2">
         <name>USCI_B_SPI_enable</name>
         <value>0x11520</value>
         <object_component_ref idref="oc-255"/>
      </symbol>
      <symbol id="sm-5c3">
         <name>USCI_B_SPI_initMaster</name>
         <value>0x10eb2</value>
         <object_component_ref idref="oc-24f"/>
      </symbol>
      <symbol id="sm-5c4">
         <name>USCI_B_SPI_transmitData</name>
         <value>0x114ea</value>
         <object_component_ref idref="oc-321"/>
      </symbol>
      <symbol id="sm-5c5">
         <name>USCI_B_SPI_receiveData</name>
         <value>0x11506</value>
         <object_component_ref idref="oc-327"/>
      </symbol>
      <symbol id="sm-5ce">
         <name>WDT_A_hold</name>
         <value>0x11314</value>
         <object_component_ref idref="oc-195"/>
      </symbol>
      <symbol id="sm-5d7">
         <name>_stack</name>
         <value>0x4360</value>
         <object_component_ref idref="oc-cf"/>
      </symbol>
      <symbol id="sm-5d8">
         <name>_reset_vector</name>
         <value>0xfffe</value>
         <object_component_ref idref="oc-d2"/>
      </symbol>
      <symbol id="sm-5e3">
         <name>_c_int00_noargs_noexit</name>
         <value>0x44d0</value>
         <object_component_ref idref="oc-ab"/>
      </symbol>
      <symbol id="sm-5f9">
         <name>__TI_decompress_none</name>
         <value>0x11482</value>
         <object_component_ref idref="oc-6b"/>
      </symbol>
      <symbol id="sm-61b">
         <name>__TI_decompress_rle24</name>
         <value>0x11526</value>
         <object_component_ref idref="oc-71"/>
      </symbol>
      <symbol id="sm-62e">
         <name>__TI_zero_init</name>
         <value>0x11248</value>
         <object_component_ref idref="oc-8d"/>
      </symbol>
      <symbol id="sm-63a">
         <name>__mspabi_remi</name>
         <value>0x111a4</value>
         <object_component_ref idref="oc-36e"/>
      </symbol>
      <symbol id="sm-63b">
         <name>__mspabi_divi</name>
         <value>0x111a4</value>
         <object_component_ref idref="oc-36e"/>
      </symbol>
      <symbol id="sm-645">
         <name>__mspabi_remu</name>
         <value>0x113f6</value>
         <object_component_ref idref="oc-3af"/>
      </symbol>
      <symbol id="sm-646">
         <name>__mspabi_divu</name>
         <value>0x113f6</value>
         <object_component_ref idref="oc-3af"/>
      </symbol>
      <symbol id="sm-653">
         <name>__mspabi_remli</name>
         <value>0x11006</value>
         <object_component_ref idref="oc-369"/>
      </symbol>
      <symbol id="sm-654">
         <name>__mspabi_divli</name>
         <value>0x11006</value>
         <object_component_ref idref="oc-369"/>
      </symbol>
      <symbol id="sm-663">
         <name>__mspabi_remul</name>
         <value>0x10f0e</value>
         <object_component_ref idref="oc-306"/>
      </symbol>
      <symbol id="sm-664">
         <name>__mspabi_divul</name>
         <value>0x10f0e</value>
         <object_component_ref idref="oc-306"/>
      </symbol>
      <symbol id="sm-68a">
         <name>__mspabi_divd</name>
         <value>0x10452</value>
         <object_component_ref idref="oc-2b7"/>
      </symbol>
      <symbol id="sm-695">
         <name>C$$EXIT</name>
         <value>0x11530</value>
         <object_component_ref idref="oc-133"/>
      </symbol>
      <symbol id="sm-696">
         <name>abort</name>
         <value>0x11530</value>
         <object_component_ref idref="oc-133"/>
      </symbol>
      <symbol id="sm-6a2">
         <name>__mspabi_fixdu</name>
         <value>0x11470</value>
         <object_component_ref idref="oc-2bd"/>
      </symbol>
      <symbol id="sm-6b2">
         <name>__mspabi_fixdul</name>
         <value>0x10ccc</value>
         <object_component_ref idref="oc-34e"/>
      </symbol>
      <symbol id="sm-6c7">
         <name>__mspabi_fltuld</name>
         <value>0x10b82</value>
         <object_component_ref idref="oc-2b1"/>
      </symbol>
      <symbol id="sm-6e2">
         <name>__TI_frcdivd</name>
         <value>0x10000</value>
         <object_component_ref idref="oc-341"/>
      </symbol>
      <symbol id="sm-6e5">
         <name>__TI_int41</name>
         <value>0xffd2</value>
         <object_component_ref idref="oc-77"/>
      </symbol>
      <symbol id="sm-6e8">
         <name>__TI_int43</name>
         <value>0xffd6</value>
         <object_component_ref idref="oc-79"/>
      </symbol>
      <symbol id="sm-6eb">
         <name>__TI_int44</name>
         <value>0xffd8</value>
         <object_component_ref idref="oc-7a"/>
      </symbol>
      <symbol id="sm-6ee">
         <name>__TI_int45</name>
         <value>0xffda</value>
         <object_component_ref idref="oc-7b"/>
      </symbol>
      <symbol id="sm-6f1">
         <name>__TI_int46</name>
         <value>0xffdc</value>
         <object_component_ref idref="oc-7c"/>
      </symbol>
      <symbol id="sm-6f4">
         <name>__TI_int48</name>
         <value>0xffe0</value>
         <object_component_ref idref="oc-7e"/>
      </symbol>
      <symbol id="sm-6f7">
         <name>__TI_int50</name>
         <value>0xffe4</value>
         <object_component_ref idref="oc-80"/>
      </symbol>
      <symbol id="sm-6fa">
         <name>__TI_int51</name>
         <value>0xffe6</value>
         <object_component_ref idref="oc-81"/>
      </symbol>
      <symbol id="sm-6fd">
         <name>__TI_int52</name>
         <value>0xffe8</value>
         <object_component_ref idref="oc-82"/>
      </symbol>
      <symbol id="sm-700">
         <name>__TI_int53</name>
         <value>0xffea</value>
         <object_component_ref idref="oc-83"/>
      </symbol>
      <symbol id="sm-703">
         <name>__TI_int54</name>
         <value>0xffec</value>
         <object_component_ref idref="oc-84"/>
      </symbol>
      <symbol id="sm-706">
         <name>__TI_int55</name>
         <value>0xffee</value>
         <object_component_ref idref="oc-85"/>
      </symbol>
      <symbol id="sm-709">
         <name>__TI_int56</name>
         <value>0xfff0</value>
         <object_component_ref idref="oc-86"/>
      </symbol>
      <symbol id="sm-70c">
         <name>__TI_int57</name>
         <value>0xfff2</value>
         <object_component_ref idref="oc-87"/>
      </symbol>
      <symbol id="sm-70f">
         <name>__TI_int58</name>
         <value>0xfff4</value>
         <object_component_ref idref="oc-88"/>
      </symbol>
      <symbol id="sm-712">
         <name>__TI_int59</name>
         <value>0xfff6</value>
         <object_component_ref idref="oc-89"/>
      </symbol>
      <symbol id="sm-715">
         <name>__TI_int60</name>
         <value>0xfff8</value>
         <object_component_ref idref="oc-8a"/>
      </symbol>
      <symbol id="sm-718">
         <name>__TI_int61</name>
         <value>0xfffa</value>
         <object_component_ref idref="oc-8b"/>
      </symbol>
      <symbol id="sm-71b">
         <name>__TI_int62</name>
         <value>0xfffc</value>
         <object_component_ref idref="oc-8c"/>
      </symbol>
      <symbol id="sm-723">
         <name>__TI_ISR_TRAP</name>
         <value>0x4502</value>
         <object_component_ref idref="oc-ed"/>
      </symbol>
      <symbol id="sm-72c">
         <name>__mspabi_slli</name>
         <value>0x114f4</value>
         <object_component_ref idref="oc-3a8"/>
      </symbol>
      <symbol id="sm-734">
         <name>__mspabi_slll_9</name>
         <value>0x110da</value>
         <object_component_ref idref="oc-335"/>
      </symbol>
      <symbol id="sm-735">
         <name>__mspabi_slll_8</name>
         <value>0x110de</value>
         <object_component_ref idref="oc-335"/>
      </symbol>
      <symbol id="sm-736">
         <name>__mspabi_slll_7</name>
         <value>0x110e2</value>
         <object_component_ref idref="oc-335"/>
      </symbol>
      <symbol id="sm-737">
         <name>__mspabi_slll_6</name>
         <value>0x110e6</value>
         <object_component_ref idref="oc-335"/>
      </symbol>
      <symbol id="sm-738">
         <name>__mspabi_slll_5</name>
         <value>0x110ea</value>
         <object_component_ref idref="oc-335"/>
      </symbol>
      <symbol id="sm-739">
         <name>__mspabi_slll_4</name>
         <value>0x110ee</value>
         <object_component_ref idref="oc-335"/>
      </symbol>
      <symbol id="sm-73a">
         <name>__mspabi_slll_3</name>
         <value>0x110f2</value>
         <object_component_ref idref="oc-335"/>
      </symbol>
      <symbol id="sm-73b">
         <name>__mspabi_slll_2</name>
         <value>0x110f6</value>
         <object_component_ref idref="oc-335"/>
      </symbol>
      <symbol id="sm-73c">
         <name>__mspabi_slll_1</name>
         <value>0x110fa</value>
         <object_component_ref idref="oc-335"/>
      </symbol>
      <symbol id="sm-73d">
         <name>__mspabi_slll_15</name>
         <value>0x110c2</value>
         <object_component_ref idref="oc-335"/>
      </symbol>
      <symbol id="sm-73e">
         <name>__mspabi_slll_14</name>
         <value>0x110c6</value>
         <object_component_ref idref="oc-335"/>
      </symbol>
      <symbol id="sm-73f">
         <name>__mspabi_slll_13</name>
         <value>0x110ca</value>
         <object_component_ref idref="oc-335"/>
      </symbol>
      <symbol id="sm-740">
         <name>__mspabi_slll_12</name>
         <value>0x110ce</value>
         <object_component_ref idref="oc-335"/>
      </symbol>
      <symbol id="sm-741">
         <name>__mspabi_slll_11</name>
         <value>0x110d2</value>
         <object_component_ref idref="oc-335"/>
      </symbol>
      <symbol id="sm-742">
         <name>__mspabi_slll_10</name>
         <value>0x110d6</value>
         <object_component_ref idref="oc-335"/>
      </symbol>
      <symbol id="sm-752">
         <name>__mspabi_srll_8</name>
         <value>0x1111c</value>
         <object_component_ref idref="oc-33a"/>
      </symbol>
      <symbol id="sm-753">
         <name>__mspabi_srll_9</name>
         <value>0x11118</value>
         <object_component_ref idref="oc-33a"/>
      </symbol>
      <symbol id="sm-754">
         <name>__mspabi_srll_6</name>
         <value>0x11124</value>
         <object_component_ref idref="oc-33a"/>
      </symbol>
      <symbol id="sm-755">
         <name>__mspabi_srll_7</name>
         <value>0x11120</value>
         <object_component_ref idref="oc-33a"/>
      </symbol>
      <symbol id="sm-756">
         <name>__mspabi_srll_4</name>
         <value>0x1112c</value>
         <object_component_ref idref="oc-33a"/>
      </symbol>
      <symbol id="sm-757">
         <name>__mspabi_srll_5</name>
         <value>0x11128</value>
         <object_component_ref idref="oc-33a"/>
      </symbol>
      <symbol id="sm-758">
         <name>__mspabi_srll_2</name>
         <value>0x11134</value>
         <object_component_ref idref="oc-33a"/>
      </symbol>
      <symbol id="sm-759">
         <name>__mspabi_srll_3</name>
         <value>0x11130</value>
         <object_component_ref idref="oc-33a"/>
      </symbol>
      <symbol id="sm-75a">
         <name>__mspabi_srll_1</name>
         <value>0x11138</value>
         <object_component_ref idref="oc-33a"/>
      </symbol>
      <symbol id="sm-75b">
         <name>__mspabi_srll_15</name>
         <value>0x11100</value>
         <object_component_ref idref="oc-33a"/>
      </symbol>
      <symbol id="sm-75c">
         <name>__mspabi_srll_14</name>
         <value>0x11104</value>
         <object_component_ref idref="oc-33a"/>
      </symbol>
      <symbol id="sm-75d">
         <name>__mspabi_srll_13</name>
         <value>0x11108</value>
         <object_component_ref idref="oc-33a"/>
      </symbol>
      <symbol id="sm-75e">
         <name>__mspabi_srll_12</name>
         <value>0x1110c</value>
         <object_component_ref idref="oc-33a"/>
      </symbol>
      <symbol id="sm-75f">
         <name>__mspabi_srll_11</name>
         <value>0x11110</value>
         <object_component_ref idref="oc-33a"/>
      </symbol>
      <symbol id="sm-760">
         <name>__mspabi_srll_10</name>
         <value>0x11114</value>
         <object_component_ref idref="oc-33a"/>
      </symbol>
      <symbol id="sm-761">
         <name>__mspabi_srll</name>
         <value>0x11494</value>
         <object_component_ref idref="oc-39e"/>
      </symbol>
      <symbol id="sm-774">
         <name>memcpy</name>
         <value>0x1144a</value>
         <object_component_ref idref="oc-d3"/>
      </symbol>
      <symbol id="sm-782">
         <name>memset</name>
         <value>0x113e0</value>
         <object_component_ref idref="oc-287"/>
      </symbol>
      <symbol id="sm-799">
         <name>__mspabi_mpyi_f5hw</name>
         <value>0x1140c</value>
         <object_component_ref idref="oc-16d"/>
      </symbol>
      <symbol id="sm-7bb">
         <name>__mspabi_mpyl_f5hw</name>
         <value>0x112d2</value>
         <object_component_ref idref="oc-390"/>
      </symbol>
      <symbol id="sm-7d1">
         <name>_system_pre_init</name>
         <value>0x1152c</value>
         <object_component_ref idref="oc-10b"/>
      </symbol>
      <symbol id="sm-7dc">
         <name>__mspabi_sral_15</name>
         <value>0x11084</value>
         <object_component_ref idref="oc-395"/>
      </symbol>
      <symbol id="sm-7dd">
         <name>__mspabi_sral_14</name>
         <value>0x11088</value>
         <object_component_ref idref="oc-395"/>
      </symbol>
      <symbol id="sm-7de">
         <name>__mspabi_sral_13</name>
         <value>0x1108c</value>
         <object_component_ref idref="oc-395"/>
      </symbol>
      <symbol id="sm-7df">
         <name>__mspabi_sral_12</name>
         <value>0x11090</value>
         <object_component_ref idref="oc-395"/>
      </symbol>
      <symbol id="sm-7e0">
         <name>__mspabi_sral_11</name>
         <value>0x11094</value>
         <object_component_ref idref="oc-395"/>
      </symbol>
      <symbol id="sm-7e1">
         <name>__mspabi_sral_10</name>
         <value>0x11098</value>
         <object_component_ref idref="oc-395"/>
      </symbol>
      <symbol id="sm-7e2">
         <name>__mspabi_sral_8</name>
         <value>0x110a0</value>
         <object_component_ref idref="oc-395"/>
      </symbol>
      <symbol id="sm-7e3">
         <name>__mspabi_sral_9</name>
         <value>0x1109c</value>
         <object_component_ref idref="oc-395"/>
      </symbol>
      <symbol id="sm-7e4">
         <name>__mspabi_sral_6</name>
         <value>0x110a8</value>
         <object_component_ref idref="oc-395"/>
      </symbol>
      <symbol id="sm-7e5">
         <name>__mspabi_sral_7</name>
         <value>0x110a4</value>
         <object_component_ref idref="oc-395"/>
      </symbol>
      <symbol id="sm-7e6">
         <name>__mspabi_sral_4</name>
         <value>0x110b0</value>
         <object_component_ref idref="oc-395"/>
      </symbol>
      <symbol id="sm-7e7">
         <name>__mspabi_sral_5</name>
         <value>0x110ac</value>
         <object_component_ref idref="oc-395"/>
      </symbol>
      <symbol id="sm-7e8">
         <name>__mspabi_sral_2</name>
         <value>0x110b8</value>
         <object_component_ref idref="oc-395"/>
      </symbol>
      <symbol id="sm-7e9">
         <name>__mspabi_sral_3</name>
         <value>0x110b4</value>
         <object_component_ref idref="oc-395"/>
      </symbol>
      <symbol id="sm-7ea">
         <name>__mspabi_sral_1</name>
         <value>0x110bc</value>
         <object_component_ref idref="oc-395"/>
      </symbol>
      <symbol id="sm-806">
         <name>_auto_init_hold_wdt</name>
         <value>0x10bf8</value>
         <object_component_ref idref="oc-111"/>
      </symbol>
      <symbol id="sm-808">
         <name>__TI_INITARRAY_Base</name>
         <value>0x0</value>
      </symbol>
      <symbol id="sm-809">
         <name>__TI_INITARRAY_Limit</name>
         <value>0x0</value>
      </symbol>
      <symbol id="sm-80a">
         <name>PSAReset</name>
         <value>0x114a4</value>
      </symbol>
   </symbol_table>
   <title>Link successful</title>
</link_info>
